
> trustcert-ui@0.1.0 build
> next build

▲ Next.js 16.2.1 (Turbopack)

  Creating an optimized production build ...
✓ Compiled successfully in 11.9s
  Running TypeScript ...
Failed to type check.

./components/dashboard/reports/custom-report-generator.tsx:67:38
Type error: Type 'Dispatch<SetStateAction<string>>' is not assignable to type '(value: string | null, eventDetails: SelectRootChangeEventDetails) => void'.
  Types of parameters 'value' and 'value' are incompatible.
    Type 'string | null' is not assignable to type 'SetStateAction<string>'.
      Type 'null' is not assignable to type 'SetStateAction<string>'.

  [90m65 |[0m         <div className=[32m"space-y-2"[0m>
  [90m66 |[0m           <[33mLabel[0m htmlFor=[32m"report-type"[0m>[33mReport[0m [33mType[0m</[33mLabel[0m>
[31m[1m>[0m [90m67 |[0m           <[33mSelect[0m value={reportType} onValueChange={setReportType}>
  [90m   |[0m                                      [31m[1m^[0m
  [90m68 |[0m             <[33mSelectTrigger[0m id=[32m"report-type"[0m>
  [90m69 |[0m               <[33mSelectValue[0m placeholder=[32m"Select report type"[0m />
  [90m70 |[0m             </[33mSelectTrigger[0m>
Next.js build worker exited with code: 1 and signal: null
